LINE.DEPTH.CMD NUMBER 	COMBINED WALL-CLOCK TIME        	COMBINED CPU TIME               	COMMAND                             
<line>.<depth>.<cmd>: 	( time | cur depth % | total % )   	( time | cur depth % | total % )   	(count) <command>
______________________	________________________________	________________________________	____________________________________
12.0.0:                	( 0.006414s |  0.47% )            ( 0.012355s |  5.25% )             	(1x)	: | cat 0<&0 | cat | tee

12.0.1:                	( 0.005242s |  0.39% )            ( 0.011194s |  4.76% )             	(1x)	cat 0<&0 | cat | tee
12.0.2:                	( 0.004134s |  0.30% )            ( 0.010090s |  4.29% )             	(1x)	cat | tee
12.0.3:                	( 0.003001s |  0.22% )            ( 0.008962s |  3.81% )             	(1x)	tee

14.0.0:                	( 0.005652s |  0.42% )            ( 0.011806s |  5.02% )             	(1x)	printf '%s\n' {1..10} | << (SUBSHELL): 230425 >> | tee | cat
14.0.1:                	( 0.001598s |  0.11% )            ( 0.000206s |  0.08% )             	(1x)	<< (SUBSHELL) >> | tee | cat
├─ 14.1.0:          	( 0.001514s | 94.74% |  0.11% )   ( 0.000111s | 53.88% |  0.04% )    	(1x)	mapfile -t A 0<&0
└─ 14.1.1:          	( 0.000084s |  5.25% |  0.00% )   ( 0.000095s | 46.11% |  0.04% )    	(1x)	printf '%s%s\n' "${A[@]}"
14.0.2:                	( 0.004355s |  0.32% )            ( 0.010520s |  4.47% )             	(1x)	tee | cat
14.0.3:                	( 0.003219s |  0.24% )            ( 0.009388s |  3.99% )             	(1x)	cat (&)

16.0.0:                	( 0.000985s |  0.07% )            ( 0.000001s |  0.00% )             	(1x)	<< (BACKGROUND FORK) >>
└─ 16.1.0:          	( 0.000074s |100.00% |  0.00% )   ( 0.000090s |100.00% |  0.03% )    	(1x)	echo

17.0.0:                	( 0.002790s |  0.20% )            ( 0.000001s |  0.00% )             	(1x)	<< (BACKGROUND FORK) >>
├─ 17.1.0:          	( 0.000075s |  2.61% |  0.00% )   ( 0.000090s |100.00% |  0.03% )    	(1x)	echo B
│  17.1.1:            	( 0.002790s | 97.38% |  0.20% )   ( 0.000001s |  1.11% |  0.00% )    	(1x)	<< (BACKGROUND FORK) >>
└─ └─ 17.2.0:   	( 0.000915s |915.0000% |  0.06% )   ( 0.000951s |951.0000% |  0.40% )    	(1x)	echo A (&)

19.0.0:                	( 0.000069s |  0.00% )            ( 0.000084s |  0.03% )             	(1x)	echo 0

20.0.0:                	( 0.000610s |  0.04% )            ( 0.000445s |  0.18% )             	(1x)	echo 1

21.0.0:                	( 0.000075s |  0.00% )            ( 0.000090s |  0.03% )             	(1x)	<< (SUBSHELL) >>
└─ 21.1.0:          	( 0.000075s |100.00% |  0.00% )   ( 0.000090s |100.00% |  0.03% )    	(1x)	echo 2

22.0.0:                	( 0.000446s |  0.03% )            ( 0.000463s |  0.19% )             	(1x)	echo 3 (&)

23.0.0:                	( 0.000775s |  0.05% )            ( 0.000454s |  0.19% )             	(1x)	echo 4 (&)

24.0.0:                	( 0.000959s |  0.07% )            ( 0.000001s |  0.00% )             	(1x)	<< (BACKGROUND FORK) >>
└─ 24.1.0:          	( 0.000073s |100.00% |  0.00% )   ( 0.000088s |100.00% |  0.03% )    	(1x)	echo 5

25.0.0:                	( 0.000603s |  0.04% )            ( 0.000649s |  0.27% )             	(1x)	<< (SUBSHELL) >>
└─ 25.1.0:          	( 0.000603s |100.00% |  0.04% )   ( 0.000649s |100.00% |  0.27% )    	(1x)	echo 6 (&)

26.0.0:                	( 0.001499s |  0.11% )            ( 0.000001s |  0.00% )             	(1x)	<< (BACKGROUND FORK) >>
└─ 26.1.0:          	( 0.000121s |100.00% |  0.00% )   ( 0.000145s |100.00% |  0.06% )    	(1x)	echo 7

27.0.0:                	( 0.000073s |  0.00% )            ( 0.000089s |  0.03% )             	(1x)	<< (SUBSHELL) >>
└─ 27.1.0:          	( 0.000073s |100.00% |  0.00% )   ( 0.000089s |100.00% |  0.03% )    	(1x)	echo 8

28.0.0:                	( 0.001368s |  0.10% )            ( 0.000001s |  0.00% )             	(1x)	<< (BACKGROUND FORK) >>
└─ 28.1.0:          	( 0.000487s |100.00% |  0.03% )   ( 0.000523s |100.00% |  0.22% )    	(1x)	echo 9 (&)

29.0.0:                	( 0.002362s |  0.17% )            ( 0.000001s |  0.00% )             	(1x)	<< (BACKGROUND FORK) >>
├─ 29.1.0:          	( 0.000072s | 11.94% |  0.00% )   ( 0.000088s | 14.10% |  0.03% )    	(1x)	echo 9.1
└─ 29.1.1:          	( 0.000531s | 88.05% |  0.03% )   ( 0.000536s | 85.89% |  0.22% )    	(1x)	echo 9.2 (&)

30.0.0:                	( 0.002488s |  0.18% )            ( 0.000001s |  0.00% )             	(1x)	<< (BACKGROUND FORK) >>
├─ 30.1.0:          	( 0.000471s | 85.79% |  0.03% )   ( 0.000501s | 84.20% |  0.21% )    	(1x)	echo 9.1a (&)
└─ 30.1.1:          	( 0.000078s | 14.20% |  0.00% )   ( 0.000094s | 15.79% |  0.03% )    	(1x)	echo 9.2a

31.0.0:                	( 0.002325s |  0.17% )            ( 0.000001s |  0.00% )             	(1x)	<< (BACKGROUND FORK) >>
├─ 31.1.0:          	( 0.000070s | 12.30% |  0.00% )   ( 0.000086s | 14.07% |  0.03% )    	(1x)	echo 9.1b
└─ 31.1.1:          	( 0.000499s | 87.69% |  0.03% )   ( 0.000525s | 85.92% |  0.22% )    	(1x)	echo 9.2b (&)

32.0.0:                	( 0.005398s |  0.40% )            ( 0.000001s |  0.00% )             	(1x)	<< (BACKGROUND FORK) >>
├─ 32.1.0:          	( 0.001288s | 94.49% |  0.09% )   ( 0.001315s | 93.52% |  0.55% )    	(1x)	echo 9.1c (&)
└─ 32.1.1:          	( 0.000075s |  5.50% |  0.00% )   ( 0.000091s |  6.47% |  0.03% )    	(1x)	echo 9.2c

33.0.0:                	( 0.010805s |  0.40% )            ( 0.000002s |  0.00% )             	(2x)	<< (BACKGROUND FORK) >>
├─ 33.1.0:          	( 0.005859s | 94.24% |  0.43% )   ( 0.006288s | 93.73% |  2.67% )    	(2x)	echo 9.999
└─ 33.1.1:          	( 0.000154s |  5.75% |  0.01% )   ( 0.000181s |  6.26% |  0.07% )    	(2x)	echo 9.5

34.0.0:                	( 0.001381s |  0.10% )            ( 0.000001s |  0.00% )             	(1x)	<< (BACKGROUND FORK) >>
└─ 34.1.0:          	( 0.000494s |100.00% |  0.03% )   ( 0.000526s |100.00% |  0.22% )    	(1x)	echo 10 (&)

36.0.0:                	( 0.000070s |  0.00% )            ( 0.000084s |  0.03% )             	(1x)	echo 11

37.0.0:                	( 0.001015s |  0.07% )            ( 0.000657s |  0.27% )             	(1x)	echo 12 (&)

38.0.0:                	( 0.001501s |  0.11% )            ( 0.000001s |  0.00% )             	(1x)	<< (BACKGROUND FORK) >>
└─ 38.1.0:          	( 0.000120s |100.00% |  0.00% )   ( 0.000143s |100.00% |  0.06% )    	(1x)	echo 13

39.0.0:                	( 0.000123s |  0.00% )            ( 0.000147s |  0.06% )             	(1x)	<< (SUBSHELL) >>
└─ 39.1.0:          	( 0.000123s |100.00% |  0.00% )   ( 0.000147s |100.00% |  0.06% )    	(1x)	echo 14

41.0.0:                	( 0.000153s |  0.01% )            ( 0.000188s |  0.07% )             	(1x)	<< (FUNCTION): main.ff 15 >>
├─ 1.1.0:           	( 0.000059s | 38.56% |  0.00% )   ( 0.000072s | 38.29% |  0.03% )    	(1x)	ff 15
└─ 8.1.0:           	( 0.000094s | 61.43% |  0.00% )   ( 0.000116s | 61.70% |  0.04% )    	(1x)	echo "${*}"

42.0.0:                	( 0.000283s |  0.02% )            ( 0.000339s |  0.14% )             	(1x)	<< (FUNCTION): main.gg 16 >>
├─ 1.1.0:           	( 0.000058s | 20.49% |  0.00% )   ( 0.000072s | 21.23% |  0.03% )    	(1x)	gg 16
│  8.1.0:             	( 0.000079s | 27.91% |  0.00% )   ( 0.000095s | 28.02% |  0.04% )    	(1x)	echo "$*"
│  8.1.1:             	( 0.000146s | 51.59% |  0.01% )   ( 0.000172s | 50.73% |  0.07% )    	(1x)	<< (FUNCTION): .ff "$@" >>
│  ├─ 1.2.0:      	( 0.000063s | 43.15% |  0.00% )   ( 0.000075s | 43.60% |  0.03% )    	(1x)	ff "$@"
└─ └─ 8.2.0:    	( 0.000083s | 56.84% |  0.00% )   ( 0.000097s | 56.39% |  0.04% )    	(1x)	echo "${*}"

44.0.0:                	( 0.002332s |  0.17% )            ( 0.000001s |  0.00% )             	(1x)	<< (BACKGROUND FORK) >>
└─ 44.1.0:          	( 0.000736s |100.00% |  0.05% )   ( 0.000783s |100.00% |  0.33% )    	(1x)	echo a (&)

45.0.0:                	( 0.001105s |  0.08% )            ( 0.000001s |  0.00% )             	(1x)	<< (BACKGROUND FORK) >>
├─ 45.1.0:          	( 0.001105s |100.00% |  0.08% )   ( 0.000001s |100.00% |  0.00% )    	(1x)	<< (BACKGROUND FORK) >>
└─ └─ 45.2.0:   	( 0.000109s |100.00% |  0.00% )   ( 0.000124s |100.00% |  0.05% )    	(1x)	echo b

47.0.0:                	( 0.001368s |  0.10% )            ( 0.000001s |  0.00% )             	(1x)	<< (BACKGROUND FORK) >>
├─ 47.1.0:          	( 0.001368s |100.00% |  0.10% )   ( 0.000001s |100.00% |  0.00% )    	(1x)	<< (BACKGROUND FORK) >>
│  ├─ 47.2.0:     	( 0.001368s |100.00% |  0.10% )   ( 0.000001s |100.00% |  0.00% )    	(1x)	<< (BACKGROUND FORK) >>
└─ └─ └─ 47.3.0: 	( 0.000105s |100.00% |  0.00% )   ( 0.000125s |100.00% |  0.05% )    	(1x)	echo A4
47.0.0:                	( 0.001651s |  0.12% )            ( 0.001789s |  0.76% )             	(1x)	<< (SUBSHELL) >>
├─ 47.1.0:          	( 0.000661s | 40.03% |  0.04% )   ( 0.000696s | 38.90% |  0.29% )    	(1x)	echo A2 (&)
│  47.1.1:            	( 0.000813s | 49.24% |  0.06% )   ( 0.000884s | 49.41% |  0.37% )    	(1x)	<< (SUBSHELL) >>
│  ├─ 47.2.0:     	( 0.000813s |100.00% |  0.06% )   ( 0.000884s |100.00% |  0.37% )    	(1x)	<< (SUBSHELL) >>
│  └─ └─ 47.3.0: 	( 0.000813s |100.00% |  0.06% )   ( 0.000884s |100.00% |  0.37% )    	(1x)	echo A5 (&)
└─ 47.1.2:          	( 0.000177s | 10.72% |  0.01% )   ( 0.000209s | 11.68% |  0.08% )    	(1x)	echo A1
47.0.1:                	( 0.001839s |  0.13% )            ( 0.000001s |  0.00% )             	(1x)	<< (BACKGROUND FORK) >>
├─ 47.1.0:          	( 0.001839s |100.00% |  0.13% )   ( 0.000001s |100.00% |  0.00% )    	(1x)	<< (BACKGROUND FORK) >>
└─ └─ 47.2.0:   	( 0.000154s |100.00% |  0.01% )   ( 0.000171s |100.00% |  0.07% )    	(1x)	echo A3

50.0.0:                	( 0.005885s |  0.43% )            ( 0.011154s |  4.74% )             	(1x)	cat <<EOF$'\n'foo$'\n'bar$'\n'baz$'\n'EOF | grep foo | sed 's/o/O/g' | wc -l
50.0.1:                	( 0.004673s |  0.34% )            ( 0.009949s |  4.23% )             	(1x)	grep foo | sed 's/o/O/g' | wc -l
50.0.2:                	( 0.003465s |  0.25% )            ( 0.008746s |  3.72% )             	(1x)	sed 's/o/O/g' | wc -l
50.0.3:                	( 0.002297s |  0.17% )            ( 0.007582s |  3.22% )             	(1x)	wc -l

56.0.0:                	( 0.000568s |  0.04% )            ( 0.000433s |  0.18% )             	(1x)	echo "today is $(date +%Y-%m-%d)"
56.0.1:                	( 0.002818s |  0.21% )            ( 0.002819s |  1.19% )             	(1x)	<< (SUBSHELL) >>
└─ 56.1.0:          	( 0.002818s |100.00% |  0.21% )   ( 0.002819s |100.00% |  1.19% )    	(1x)	date +%Y-%m-%d

57.0.0:                	( 0.000818s |  0.06% )            ( 0.000688s |  0.29% )             	(1x)	x=$( ( echo nested; echo subshell ) | grep sub)
57.0.1:                	( 0.000213s |  0.01% )            ( 0.000254s |  0.10% )             	(1x)	<< (SUBSHELL) >>
├─ 57.1.0:          	( 0.003598s |168.920% |  0.26% )   ( 0.006689s |263.346% |  2.84% )    	(1x)	grep sub
│  57.1.1:            	( 0.000213s |100.00% |  0.01% )   ( 0.000254s |100.00% |  0.10% )    	(1x)	<< (SUBSHELL) >>
│  ├─ 57.2.0:     	( 0.000139s | 65.25% |  0.01% )   ( 0.000165s | 64.96% |  0.07% )    	(1x)	echo nested
└─ └─ 57.2.1:   	( 0.000074s | 34.74% |  0.00% )   ( 0.000089s | 35.03% |  0.03% )    	(1x)	echo subshell

59.0.0:                	( 0.000574s |  0.04% )            ( 0.000415s |  0.17% )             	(1x)	diff <(ls /) <(ls /tmp) (&)
59.0.1:                	( 0.006954s |  0.25% )            ( 0.006956s |  1.47% )             	(2x)	<< (SUBSHELL) >>
└─ 59.1.0:          	( 0.006954s |100.00% |  0.51% )   ( 0.006956s |100.00% |  2.95% )    	(2x)	ls / \(\^\)

60.0.0:                	( 0.000597s |  0.04% )            ( 0.000438s |  0.18% )             	(1x)	grep pattern <(sed 's/^/>>/' > /dev/null) (&)
60.0.1:                	( 0.002815s |  0.21% )            ( 0.002816s |  1.19% )             	(1x)	<< (SUBSHELL) >>
└─ 60.1.0:          	( 0.002815s |100.00% |  0.21% )   ( 0.002816s |100.00% |  1.19% )    	(1x)	sed 's/^/>>/' > /dev/null \(\^\)

62.0.0:                	( 0.043199s |  3.22% )            ( 0.000001s |  0.00% )             	(1x)	<< (BACKGROUND FORK) >>
├─ 62.1.0:          	( 0.000213s |  0.19% |  0.01% )   ( 0.000258s |  1.69% |  0.10% )    	(3x)	for i in {1..3}
│  62.1.1:            	( 0.000212s |  0.20% |  0.01% )   ( 0.000258s |  1.69% |  0.10% )    	(3x)	echo "$i"
└─ 62.1.2:          	( 0.034535s | 32.92% |  2.57% )   ( 0.004552s | 29.93% |  1.93% )    	(3x)	sleep .01

63.0.0:                	( 0.036860s |  0.68% )            ( 0.015202s |  1.61% )             	(4x)	read -r n <&${CO[0]}
63.0.1:                	( 0.000277s |  0.00% )            ( 0.000336s |  0.04% )             	(3x)	printf "got %s\n" "$n"

65.0.0:                	( 0.000076s |  0.00% )            ( 0.000089s |  0.03% )             	(1x)	let "x = 5 + 6"

66.0.0:                	( 0.000078s |  0.00% )            ( 0.000089s |  0.03% )             	(1x)	arr=(one two three)
66.0.1:                	( 0.000101s |  0.00% )            ( 0.000115s |  0.04% )             	(1x)	echo ${arr[@]}

67.0.0:                	( 0.000078s |  0.00% )            ( 0.000094s |  0.03% )             	(1x)	((i=0))
67.0.1:                	( 0.000301s |  0.00% )            ( 0.000359s |  0.03% )             	(4x)	((i<3))
67.0.2:                	( 0.000217s |  0.00% )            ( 0.000265s |  0.03% )             	(3x)	echo "$i"
67.0.3:                	( 0.000196s |  0.00% )            ( 0.000241s |  0.03% )             	(3x)	((i++))

80.0.0:                	( 0.000065s |  0.00% )            ( 0.000079s |  0.03% )             	(1x)	cmd="echo inside-eval"

81.0.0:                	( 0.000068s |  0.00% )            ( 0.000083s |  0.03% )             	(1x)	eval "$cmd"
81.0.1:                	( 0.000085s |  0.00% )            ( 0.000101s |  0.04% )             	(1x)	echo inside-eval

82.0.0:                	( 0.000069s |  0.00% )            ( 0.000084s |  0.03% )             	(1x)	eval "eval \"$cmd\""
82.0.1:                	( 0.000067s |  0.00% )            ( 0.000083s |  0.03% )             	(1x)	eval "echo inside-eval"
82.0.2:                	( 0.000072s |  0.00% )            ( 0.000087s |  0.03% )             	(1x)	echo inside-eval

84.0.0:                	( 0.019615s |  1.46% )            ( 0.019572s |  8.32% )             	(1x)	trap 'echo got USR1; sleep .01' USR1

85.0.0:                	( 0.000079s |  0.00% )            ( 0.000095s |  0.04% )             	(1x)	kill -USR1 $BASHPID


-53.0.0:               	( 0.016293s |  1.21% )            ( 0.006303s |  2.68% )             	(1x)	'TRAP (USR1): echo got USR1\; sleep .01'


-48.0.0:               	( 0.000071s |  0.00% )            ( 0.000087s |  0.03% )             	(1x)	'TRAP (USR1): echo got USR1\; sleep .01'

86.0.0:                	( 0.000090s |  0.00% )            ( 0.000110s |  0.04% )             	(1x)	echo after-signal

88.0.0:                	( 0.000728s |  0.05% )            ( 0.000545s |  0.23% )             	(1x)	cat <(echo hi) <(echo bye) <(echo 1; echo 2; echo 3) (&)
88.0.1:                	( 0.000151s |  0.00% )            ( 0.000181s |  0.03% )             	(2x)	<< (SUBSHELL) >>
└─ 88.1.0:          	( 0.000151s |100.00% |  0.01% )   ( 0.000181s |100.00% |  0.07% )    	(2x)	echo hi \(\^\)
88.0.3:                	( 0.000214s |  0.01% )            ( 0.000259s |  0.11% )             	(1x)	<< (SUBSHELL) >>
├─ 88.1.0:          	( 0.000073s | 34.11% |  0.00% )   ( 0.000087s | 33.59% |  0.03% )    	(1x)	echo 1 \(\^\)
│  88.1.1:            	( 0.000072s | 33.64% |  0.00% )   ( 0.000088s | 33.97% |  0.03% )    	(1x)	echo 2 \(\^\)
└─ 88.1.2:          	( 0.000069s | 32.24% |  0.00% )   ( 0.000084s | 32.43% |  0.03% )    	(1x)	echo 3 \(\^\)

90.0.0:                	( 0.001508s |  0.03% )            ( 0.001564s |  0.21% )             	(3x)	for i in {1..3} (&)
90.0.1:                	( 0.004751s |  0.11% )            ( 0.005014s |  0.70% )             	(3x)	<< (SUBSHELL) >>
├─ 90.1.0:          	( 0.004485s | 94.33% |  0.33% )   ( 0.004695s | 93.58% |  1.99% )    	(3x)	seq 1 4
└─ 90.1.1:          	( 0.000266s |  5.65% |  0.01% )   ( 0.000319s |  6.40% |  0.13% )    	(3x)	:

91.0.0:                	( 0.004662s |  0.01% )            ( 0.001409s |  0.03% )             	(15x)	read x

92.0.0:                	( 0.005666s |  0.03% )            ( 0.005006s |  0.17% )             	(12x)	(( x % 2 == 0 ))

93.0.0:                	( 0.000483s |  0.00% )            ( 0.000576s |  0.03% )             	(6x)	echo even "$x"

95.0.0:                	( 0.000711s |  0.00% )            ( 0.000849s |  0.05% )             	(6x)	<< (SUBSHELL) >>
└─ 95.1.0:          	( 0.000711s |100.00% |  0.05% )   ( 0.000849s |100.00% |  0.36% )    	(6x)	echo odd "$x"

100.0.0:               	( 0.000473s |  0.03% )            ( 0.000484s |  0.20% )             	(1x)	sleep 1 (&)

101.0.0:               	( 1.002400s | 74.86% )            ( 0.001696s |  0.72% )             	(1x)	wait -n $!

104.0.0:               	( 0.016940s |  1.26% )            ( 0.016924s |  7.19% )             	(1x)	<< (SUBSHELL) >>
├─ 104.1.0:         	( 0.015218s | 89.83% |  1.13% )   ( 0.015185s | 89.72% |  6.45% )    	(1x)	trap 'echo bye' EXIT
│  105.1.0:           	( 0.000069s |  0.40% |  0.00% )   ( 0.000083s |  0.49% |  0.03% )    	(1x)	exit
└─ -53.1.0:         	( 0.001653s |  9.75% |  0.12% )   ( 0.001656s |  9.78% |  0.70% )    	(1x)	'TRAP (EXIT): echo bye'

109.0.0:               	( 0.034315s |  2.56% )            ( 0.033815s | 14.38% )             	(1x)	<< (SUBSHELL) >>
├─ 109.1.0:         	( 0.028897s | 84.21% |  2.15% )   ( 0.028362s | 83.87% | 12.06% )    	(1x)	trap 'echo bye' RETURN EXIT
│  110.1.0:           	( 0.003701s | 10.78% |  0.27% )   ( 0.003717s | 10.99% |  1.58% )    	(1x)	<< (FUNCTION): main.gg 1 >>
│  ├─ 1.2.0:      	( 0.000055s |  1.48% |  0.00% )   ( 0.000068s |  1.82% |  0.02% )    	(1x)	gg 1
│  │  8.2.0:        	( 0.000084s |  2.26% |  0.00% )   ( 0.000098s |  2.63% |  0.04% )    	(1x)	echo "$*"
│  │  8.2.1:        	( 0.001797s | 48.55% |  0.13% )   ( 0.001829s | 49.20% |  0.77% )    	(1x)	<< (FUNCTION): main.gg.ff "$@" >>
│  │  ├─ 1.3.0: 	( 0.000062s |  3.45% |  0.00% )   ( 0.000072s |  3.93% |  0.03% )    	(1x)	ff "$@"
│  │  └─ 8.3.0: 	( 0.001735s | 48.27% |  0.12% )   ( 0.001757s | 48.02% |  0.74% )    	(2x)	echo "${*}"
│  └─ 8.2.2:      	( 0.001765s | 47.68% |  0.13% )   ( 0.001722s | 46.32% |  0.73% )    	(1x)	echo "${*}"
│  111.1.0:           	( 0.000061s |  0.17% |  0.00% )   ( 0.000074s |  0.21% |  0.03% )    	(1x)	exit
└─ -53.1.0:         	( 0.001656s |  4.82% |  0.12% )   ( 0.001662s |  4.91% |  0.70% )    	(1x)	'TRAP (EXIT): echo bye'

115.0.0:               	( 0.038522s |  2.87% )            ( 0.037952s | 16.14% )             	(1x)	<< (SUBSHELL) >>
├─ 115.1.0:         	( 0.013404s | 34.79% |  1.00% )   ( 0.013313s | 35.07% |  5.66% )    	(1x)	trap 'echo exit' EXIT
│  116.1.0:           	( 0.019766s | 51.31% |  1.47% )   ( 0.019229s | 50.66% |  8.17% )    	(1x)	trap 'echo return' RETURN
│  117.1.0:           	( 0.003657s |  9.49% |  0.27% )   ( 0.003695s |  9.73% |  1.57% )    	(1x)	<< (FUNCTION): .gg 1 >>
│  ├─ 1.2.0:      	( 0.000055s |  1.50% |  0.00% )   ( 0.000070s |  1.89% |  0.02% )    	(1x)	gg 1
│  │  8.2.0:        	( 0.000066s |  1.80% |  0.00% )   ( 0.000080s |  2.16% |  0.03% )    	(1x)	echo "$*"
│  │  8.2.1:        	( 0.001863s | 50.94% |  0.13% )   ( 0.001864s | 50.44% |  0.79% )    	(1x)	<< (FUNCTION): main.gg.ff "$@" >>
│  │  ├─ 1.3.0: 	( 0.000057s |  3.05% |  0.00% )   ( 0.000070s |  3.75% |  0.02% )    	(1x)	ff "$@"
│  │  └─ 8.3.0: 	( 0.001806s | 48.46% |  0.13% )   ( 0.001794s | 48.12% |  0.76% )    	(2x)	echo "${*}"
│  └─ 8.2.2:      	( 0.001673s | 45.74% |  0.12% )   ( 0.001681s | 45.49% |  0.71% )    	(1x)	echo "${*}"
│  118.1.0:           	( 0.000066s |  0.17% |  0.00% )   ( 0.000077s |  0.20% |  0.03% )    	(1x)	exit
└─ -53.1.0:         	( 0.001629s |  4.22% |  0.12% )   ( 0.001638s |  4.31% |  0.69% )    	(1x)	'TRAP (EXIT): echo exit'

123.0.0:               	( 0.017085s |  1.27% )            ( 0.017068s |  7.25% )             	(1x)	<< (SUBSHELL) >>
├─ 123.1.0:         	( 0.017019s | 99.61% |  1.27% )   ( 0.016989s | 99.53% |  7.22% )    	(1x)	trap '' RETURN EXIT
└─ 124.1.0:         	( 0.000066s |  0.38% |  0.00% )   ( 0.000079s |  0.46% |  0.03% )    	(1x)	exit

129.0.0:               	( 0.012020s |  0.89% )            ( 0.012000s |  5.10% )             	(1x)	<< (SUBSHELL) >>
├─ 129.1.0:         	( 0.011955s | 99.45% |  0.89% )   ( 0.011921s | 99.34% |  5.07% )    	(1x)	trap - EXIT
└─ 130.1.0:         	( 0.000065s |  0.54% |  0.00% )   ( 0.000079s |  0.65% |  0.03% )    	(1x)	exit

133.0.0:               	( 0.000566s |  0.04% )            ( 0.000672s |  0.28% )             	(1x)	<< (SUBSHELL) >>
├─ 133.1.0:         	( 0.000112s | 19.78% |  0.00% )   ( 0.000133s | 19.79% |  0.05% )    	(1x)	echo $BASHPID
│  133.1.1:           	( 0.000454s | 80.21% |  0.03% )   ( 0.000539s | 80.20% |  0.22% )    	(1x)	<< (SUBSHELL) >>
│  ├─ 133.2.0:    	( 0.000080s | 17.62% |  0.00% )   ( 0.000096s | 17.81% |  0.04% )    	(1x)	echo $BASHPID
│  │  133.2.1:      	( 0.000374s | 82.37% |  0.02% )   ( 0.000443s | 82.18% |  0.18% )    	(1x)	<< (SUBSHELL) >>
│  │  ├─ 133.3.0: 	( 0.000079s | 21.12% |  0.00% )   ( 0.000095s | 21.44% |  0.04% )    	(1x)	echo $BASHPID
│  │  │  133.3.1: 	( 0.000295s | 78.87% |  0.02% )   ( 0.000348s | 78.55% |  0.14% )    	(1x)	<< (SUBSHELL) >>
└─ └─ └─ └─ 133.4.0: 	( 0.000295s |100.00% |  0.02% )   ( 0.000348s |100.00% |  0.14% )    	(1x)	echo $BASHPID


TOTAL RUN TIME: 1.338911s
TOTAL CPU TIME: 0.235100s
