6516    48      10545   453     1               12.0    0:                      : | cat 0<&0 | cat | tee


6984    52      13382   575     1               14.0    0:                      printf '%s\n' {1..10} | << (SUBSHELL): 1050547 >> | tee | cat


3397    292     25      1       342     0       1       1               │  16.1 16.0    0:              0       echo:                 


1465    81      1465    10      1       94      1       0       1       1       1               │  17.1 │  17.1 17.0    0:              1:              0       echo B  :                 


70      0       84      3       1               19.0    0:                      echo 0


597     4       426     18      1               20.0    0:                      echo 1


77      77      0       92      92      3       1       1               │  21.1 21.0    0:              0       echo 2:                 


443     3       456     19      1               22.0    0:                      echo 3 (&)


1666    12      1426    61      1               23.0    0:                      echo 4 (&)


3406    292     25      1       341     0       1       1               │  24.1 24.0    0:              0       echo 5:                 


1465    1465    10      1863    1863    80      1       1               │  25.1 25.0    0:              0       echo 6 (&):                 


1364    111     10      1       130     0       1       1               │  26.1 26.0    0:              0       echo 7:                 


107     107     0       125     125     5       1       1               │  27.1 27.0    0:              0       echo 8:                 


1381    485     10      1       518     0       1       1               │  28.1 28.0    0:              0       echo 9 (&):                 


6496    264     596     48      1       308     633     0       1       1       1               │  29.1 │  29.1 29.0    0:              1:              0       echo 9.1        echo 9.2 (&):                 


2470    472     78      18      1       500     93      0       1       1       1               │  30.1 │  30.1 30.0    0:              1:              0       echo 9.1a (&)   echo 9.2a:                 


2351    72      517     17      1       85      538     0       1       1       1               │  31.1 │  31.1 31.0    0:              1:              0       echo 9.1b       echo 9.2b (&):                 


3327    616     111     24      1       657     130     0       1       1       1               │  32.1 │  32.1 32.0    0:              1:              0       echo 9.1c (&)   echo 9.2c:                 


8386    6205    78      62      1       6834    92      0       1       1       1               │  33.1 │  33.1 33.0    0:              1:              0       echo 9.999      echo 9.5:                 


1831    639     13      1       676     0       1       1               │  34.1 34.0    0:              0       echo 10 (&):                 


4200    812     79      31      1       858     93      0       1       1       1               │  33.1 │  33.1 33.0    0:              1:              0       echo 9.3 (&)    echo 9.4:                 


82      0       97      4       1               36.0    0:                      echo 11


1137    8       600     25      1               37.0    0:                      echo 12 (&)


2883    78      21      1       93      0       1       1               │  38.1 38.0    0:              0       echo 13:                 


111     111     0       130     130     5       1       1               │  39.1 39.0    0:              0       echo 14:                 


155     70      85      1       5452    5353    99      234     1       1       1               │  1.1  │  8.1  41.0    0:              0:              0       ff 15   echo "${*}":                 


260     59      70      131     1       314     73      82      72      13      1       1       1       159             │  1.1  │  8.1  │  73   42.0    0:              0:              86      0       gg 16   echo "$*"       5063:                 


1889    657     14      1       690     0       1       1               │  44.1 44.0    0:              0       echo a (&):                 


1152    546     527     79      8       1231    576     4574    93      52      1       1       10000   1               │  47.1 │  4565 │  47.1 47.0    0:              1       2:              0       echo A2 (&)     562     echo A1:                 


1038    1038    7       1       10000   0       1       99              │  10000        45.0    1       0       1:                 


1036    1036    7       1       10000   0       1       10000           │  10000        47.0    1       0       99:                 


1925    1925    14      1       10000   0       1       206             │  10000        47.0    1       1       1:                 


5915    44      9337    401     1               50.0    0:                      cat <<EOF$'\n'foo$'\n'bar$'\n'baz$'\n'EOF | grep foo | sed 's/o/O/g' | wc -l


565     4       433     18      1               56.0    0:                      echo "today is $(date +%Y-%m-%d)"


2790    2790    20      2790    2790    120     1       1               │  56.1 56.0    0:              1       date +%Y-%m-%d:                 


813     6       683     29      1               57.0    0:                      x=$( ( echo nested; echo subshell ) | grep sub)


147     147     1       174     76      7       1       174             │  85   57.0    89      1       10000:                 


589     4       430     18      1               59.0    0:                      diff <(ls /) <(ls /tmp) (&)


3648    3648    27      3648    3648    157     1       1               │  59.1 59.0    0:              1       ls / \(\^\):                 


561     4       431     18      1               60.0    0:                      grep pattern <(sed 's/^/>>/' > /dev/null) (&)


2822    2822    21      2822    2822    121     1       1               │  60.1 60.0    0:              1       sed 's/^/>>/' > /dev/null \(\^\):                 


43130   70      87      11589   321     1       85      101     1537    0       1       1       1       1               │  62.1 │  62.1 │  62.1 62.0    0:              1:              2:              0       for i in {1..3} echo "$i"       sleep .01:                 


988     7       104     4       1               63.0    0:                      read -r n <&${CO[0]}


73      0       87      3       1               63.0    1:                      printf "got %s\n" "$n"


75      0       90      3       1               65.0    0:                      let "x = 5 + 6"


73      0       87      3       1               66.0    0:                      arr=(one two three)


76      0       90      3       1               66.0    1:                      echo ${arr[@]}


66      0       81      3       1               67.0    0:                      ((i=0))


67      0       81      3       1               67.0    1:                      ((i<3))


68      0       82      3       1               67.0    2:                      echo "$i"


65      0       78      3       1               67.0    3:                      ((i++))


64      0       78      3       1               80.0    0:                      cmd="echo inside-eval"


70      0       84      3       1               81.0    0:                      eval "$cmd"


97      0       110     4       1               81.0    1:                      echo inside-eval


69      0       82      3       1               82.0    0:                      eval "eval \"$cmd\""


68      0       82      3       1               82.0    1:                      eval "echo inside-eval"


77      0       92      3       1               82.0    2:                      echo inside-eval


19600   146     19458   837     1               84.0    0:                      trap 'echo got USR1; sleep .01' USR1


78      0       92      3       1               85.0    0:                      kill -USR1 $BASHPID


15975   119     5919    254     1               -53.0   0:                      'TRAP (USR1): echo got USR1\; sleep .01'


70      0       84      3       1               -48.0   0:                      'TRAP (USR1): echo got USR1\; sleep .01'


87      0       101     4       1               86.0    0:                      echo after-signal


1195    8       543     23      1               88.0    0:                      cat <(echo hi) <(echo bye) <(echo 1; echo 2; echo 3) (&)


299     299     2       348     348     14      1       1               │  88.1 88.0    0:              1       echo hi \(\^\):                 


307     307     2       347     347     14      1       1               │  88.1 88.0    0:              2       echo bye \(\^\):                 


789     166     254     369     5       931     210     287     434     40      1       1       1       1               │  88.1 │  88.1 │  88.1 88.0    0:              1:              2:              3       echo 1 \(\^\)   echo 2 \(\^\)   echo 3 \(\^\):                 


515     3       533     22      1               90.0    0:                      for i in {1..3} (&)


1279    1204    75      9       1377    1289    88      59      1       1       1               │  90.1 │  90.1 90.0    0:              1:              1       seq 1 4 ::                 


822     6       100     4       1               91.0    0:                      read x


626     4       502     21      1               92.0    0:                      (( x % 2 == 0 ))


84      84      0       98      98      4       1       1               │  95.1 95.0    0:              0       echo odd "$x":                 


89      0       105     4       1               93.0    0:                      echo even "$x"


79      79      0       93      93      4       1       1               │  95.1 95.0    0:              0       echo odd "$x":                 


1263    1187    76      9       1360    1269    91      58      1       1       1               │  90.1 │  90.1 90.0    0:              1:              1       seq 1 4 ::                 


79      79      0       93      93      4       1       1               │  95.1 95.0    0:              0       echo odd "$x":                 


79      79      0       94      94      4       1       1               │  95.1 95.0    0:              0       echo odd "$x":                 


1559    1487    72      11      1648    1563    85      70      1       1       1               │  90.1 │  90.1 90.0    0:              1:              1       seq 1 4 ::                 


200     200     1       232     232     9       1       1               │  95.1 95.0    0:              0       echo odd "$x":                 


77      77      0       90      90      3       1       1               │  95.1 95.0    0:              0       echo odd "$x":                 


463     3       479     20      1               100.0   0:                      sleep 1 (&)


1002857 7471    1689    72      1               101.0   0:                      wait -n $!


19087   17345   67      1675    142     19065   17300   80      1685    820     1       1       1       1               │  104.1        │  105.1        │  -53.1        104.0   0:              0:              0:              0       trap 'echo bye' EXIT    exit    'TRAP (EXIT): echo bye':                 


25753   20326   3652    70      1705    191     25770   20264   76      82      1709    1109    1       1       1651    1       1               │  109.1        │  1418 │  111.1        │  -53.1        109.0   0:              3715    0:              0:              0       trap 'echo bye' RETURN EXIT     71      exit'TRAP (EXIT): echo bye':                 


34621   13934   15373   3618    68      1628    257     34658   13909   15346   69      80      1635    1491    1       1       1       1668    1       1               │  115.1        │  116.1        │  1045 │  118.1        │  -53.1        115.0   0:              0:              3688    0:              0:                  0       trap 'echo exit' EXIT   trap 'echo return' RETURN       70      exit    'TRAP (EXIT): echo exit':                 


18673   18601   72      139     18649   18564   85      802     1       1       1               │  123.1        │  124.1        123.0   0:              0:              0       trap '' RETURN EXIT     exit:                 


13304   13235   69      99      13294   13212   82      572     1       1       1               │  129.1        │  130.1        129.0   0:              0:              0       trap - EXIT     exit:                 


735     202     533     5       851     228     451     36      1       1       623             │  133.1        │  98   133.0   0:              111     0       echo $BASHPID   7320:                 



TOTAL RUN TIME: 1.342267s
TOTAL CPU TIME: 0.232341s
